6-14 checkout -> THTR_DECLARATION_ID
24-37 auth/register -> THTR_DECLARATION_ID
38-43 email -> THTR_DATA_KEY
60-66 submit -> THTR_DECLARATION_ID
74-85 action.http -> THTR_CAPABILITY_REF
92-98 method -> THTR_DATA_KEY
113-116 ttl -> THTR_DATA_KEY
132-134 ok -> THTR_DECLARATION_ID
136-139 $id -> THTR_REFERENCE
166-168 id -> THTR_DECLARATION_ID
171-185 generate.email -> THTR_CAPABILITY_REF
193-196 run -> THTR_DECLARATION_ID
213-218 email -> THTR_DATA_KEY
