# highlighter fixture -> THTR_COMMENT
http -> THTR_KEYWORD
session -> THTR_KEYWORD
browser -> THTR_IDENTIFIER
= -> THTR_OPERATOR
http.session.browser -> THTR_REFERENCE
( -> THTR_OPERATOR
) -> THTR_OPERATOR
state -> THTR_KEYWORD
backend -> THTR_KEYWORD
local -> THTR_IDENTIFIER
= -> THTR_OPERATOR
state.backend.file -> THTR_REFERENCE
( -> THTR_OPERATOR
root -> THTR_IDENTIFIER
: -> THTR_OPERATOR
"/tmp" -> THTR_STRING
) -> THTR_OPERATOR
scenario -> THTR_KEYWORD
auth/register -> THTR_IDENTIFIER
( -> THTR_OPERATOR
email -> THTR_IDENTIFIER
: -> THTR_OPERATOR
string -> THTR_IDENTIFIER
! -> THTR_OPERATOR
) -> THTR_OPERATOR
act -> THTR_KEYWORD
submit -> THTR_IDENTIFIER
eventually -> THTR_KEYWORD
30s -> THTR_DURATION
every -> THTR_KEYWORD
1s -> THTR_DURATION
prop -> THTR_KEYWORD
email -> THTR_IDENTIFIER
= -> THTR_OPERATOR
coalesce -> THTR_IDENTIFIER
( -> THTR_OPERATOR
env -> THTR_IDENTIFIER
( -> THTR_OPERATOR
"THEATER_EMAIL" -> THTR_STRING
) -> THTR_OPERATOR
, -> THTR_OPERATOR
generate.email -> THTR_GENERATOR_REF
( -> THTR_OPERATOR
domain -> THTR_IDENTIFIER
: -> THTR_OPERATOR
"example.test" -> THTR_STRING
) -> THTR_OPERATOR
) -> THTR_OPERATOR
do -> THTR_KEYWORD
repeatable -> THTR_KEYWORD
action.http -> THTR_REFERENCE
method -> THTR_IDENTIFIER
: -> THTR_OPERATOR
"GET" -> THTR_STRING
ttl -> THTR_IDENTIFIER
: -> THTR_OPERATOR
5m -> THTR_DURATION
log -> THTR_KEYWORD
response -> THTR_IDENTIFIER
= -> THTR_OPERATOR
object -> THTR_KEYWORD
{ -> THTR_OPERATOR
status -> THTR_IDENTIFIER
: -> THTR_OPERATOR
field -> THTR_SELECTOR
( -> THTR_OPERATOR
status_code -> THTR_IDENTIFIER
) -> THTR_OPERATOR
| -> THTR_OPERATOR
path -> THTR_SELECTOR
( -> THTR_OPERATOR
"/status" -> THTR_STRING
) -> THTR_OPERATOR
, -> THTR_OPERATOR
id -> THTR_IDENTIFIER
: -> THTR_OPERATOR
$id -> THTR_REFERENCE
} -> THTR_OPERATOR
expect -> THTR_KEYWORD
status-ok -> THTR_IDENTIFIER
: -> THTR_OPERATOR
field -> THTR_SELECTOR
( -> THTR_OPERATOR
status_code -> THTR_IDENTIFIER
) -> THTR_OPERATOR
== -> THTR_OPERATOR
200 -> THTR_NUMBER
expect -> THTR_KEYWORD
ok -> THTR_IDENTIFIER
: -> THTR_OPERATOR
field -> THTR_SELECTOR
( -> THTR_OPERATOR
body -> THTR_IDENTIFIER
) -> THTR_OPERATOR
| -> THTR_OPERATOR
decode -> THTR_SELECTOR
( -> THTR_OPERATOR
json -> THTR_IDENTIFIER
) -> THTR_OPERATOR
| -> THTR_OPERATOR
path -> THTR_SELECTOR
( -> THTR_OPERATOR
"/id" -> THTR_STRING
) -> THTR_OPERATOR
== -> THTR_OPERATOR
$id -> THTR_REFERENCE
export -> THTR_KEYWORD
id -> THTR_IDENTIFIER
= -> THTR_OPERATOR
generate.email -> THTR_GENERATOR_REF
( -> THTR_OPERATOR
) -> THTR_OPERATOR
on -> THTR_KEYWORD
pass -> THTR_IDENTIFIER
-> -> THTR_OPERATOR
done -> THTR_IDENTIFIER
call -> THTR_KEYWORD
run -> THTR_IDENTIFIER
= -> THTR_OPERATOR
auth/register -> THTR_IDENTIFIER
( -> THTR_OPERATOR
email -> THTR_IDENTIFIER
: -> THTR_OPERATOR
"demo@example.test" -> THTR_STRING
) -> THTR_OPERATOR
@ -> THTR_BAD_CHARACTER
